// Jest Snapshot v1, https://goo.gl/fbAQLP

exports[`should render correctly 1`] = `
<DocumentFragment>
  <audio
    autoplay=""
    preload="false"
  >
    <source />
  </audio>
</DocumentFragment>
`;
