// Jest Snapshot v1, https://goo.gl/fbAQLP

exports[`should render correctly 1`] = `
<DocumentFragment>
  <img
    alt="monkey.png"
    class="sc-bdVaJa gNtDlM"
    data-testid="wheel"
    src="monkey.png"
  />
</DocumentFragment>
`;
